
IEEE 695 OMF Linker Version 6.03 (05021601)
Copyright (C) 1999-2004 ZiLOG, Inc. All Rights Reserved

LINK MAP:

DATE:      Tue Jun 17 21:36:10 2008
PROCESSOR: assembler
FILES:     C:\Programmer\ZiLOG\ZDSII_Z8Encore!_4.9.3\lib\zilog\startupL.obj
           .\zsldevinit.obj
           .\main.obj             
           .\ledframebuffer.obj
           .\ledstring.obj        .\ball.obj             .\board.obj            
           .\game.obj             .\paddle.obj           .\sincoslut.obj        
           .\vector.obj           .\timer.obj            .\button.obj           
           .\hyperterm.obj        .\led.obj              .\lamemath.obj         
           .\cracktro.obj         
           C:\Programmer\ZiLOG\ZDSII_Z8Encore!_4.9.3\lib\std\crtrevaaLDD.lib
           C:\Programmer\ZiLOG\ZDSII_Z8Encore!_4.9.3\lib\std\fpdumyL.obj
           C:\Programmer\ZiLOG\ZDSII_Z8Encore!_4.9.3\lib\zilog\zslLYD.lib
           


COMMAND LIST:
=============
/* Linker Command File - bongpong Debug */

/* compiler options */
/* -alias -asm -bitfieldsize:32 -charsize:8 -const:RAM -debug */
/* -define:_Z8F6403 -define:_Z8ENCORE_640_FAMILY */
/* -define:_Z8ENCORE_F640X -define:_MODEL_LARGE -doublesize:32 */
/* -NOexpmac -floatsize:32 -NOfplib -genprintf -NOglobalcopy */
/* -NOglobalcse -NOglobalfold -intrinsic -intsize:16 -intsrc */
/* -NOjmpopt -NOkeepasm -NOkeeplst -NOlist -NOlistinc -localcopy */
/* -localcse -localfold -longsize:32 -NOloopopt -maxerrs:50 -model:L */
/* -NOoptlink -optsize -peephole -NOpromote -quiet -regvar -revaa */
/* -NOsdiopt -shortsize:16 */
/* -stdinc:"C:\Programmer\ZiLOG\ZDSII_Z8Encore!_4.9.3\include\std;C:\Programmer\ZiLOG\ZDSII_Z8Encore!_4.9.3\include\zilog;C:\Programmer\ZiLOG\ZDSII_Z8Encore!_4.9.3\include\zilog\Z8Encore_F640X" */
/* -strict -NOwatch -cpu:Z8F6403 */
/* -asmsw:" -cpu:Z8F6403 -define:_Z8F6403=1 -define:_Z8ENCORE_640_FAMILY=1 -define:_Z8ENCORE_F640X=1 -define:_MODEL_LARGE=1 -include:C:\Programmer\ZiLOG\ZDSII_Z8Encore!_4.9.3\include\std;C:\Programmer\ZiLOG\ZDSII_Z8Encore!_4.9.3\include\zilog;C:\Programmer\ZiLOG\ZDSII_Z8Encore!_4.9.3\include\zilog\Z8Encore_F640X -revaa" */

/* assembler options */
/* -debug -define:_Z8F6403=1 -define:_Z8ENCORE_640_FAMILY=1 */
/* -define:_Z8ENCORE_F640X=1 -define:_MODEL_LARGE=1 -genobj */
/* -NOigcase */
/* -include:"C:\Programmer\ZiLOG\ZDSII_Z8Encore!_4.9.3\include\std;C:\Programmer\ZiLOG\ZDSII_Z8Encore!_4.9.3\include\zilog;C:\Programmer\ZiLOG\ZDSII_Z8Encore!_4.9.3\include\zilog\Z8Encore_F640X" */
/* -list -NOlistmac -name -pagelen:56 -pagewidth:80 -quiet -sdiopt */
/* -warn -NOzmasm -revaa -cpu:Z8F6403 */

-FORMAT=OMF695
-NOigcase -map -quiet -warn -NOwarnoverlap -NOxref

RANGE ROM $0 : $FFFF
RANGE RDATA $20 : $FF
RANGE EDATA $100 : $EFF

CHANGE TEXT=EDATA
CHANGE TEXT=FAR_DATA
change NEAR_TXT=NEAR_DATA
change FAR_TXT=FAR_DATA
ORDER FAR_BSS, FAR_DATA
ORDER NEAR_BSS,NEAR_DATA
COPY NEAR_DATA ROM
COPY FAR_DATA ROM

define _low_near_romdata = copy base of NEAR_DATA
define _low_neardata = base of NEAR_DATA
define _len_neardata = length of NEAR_DATA
define _low_far_romdata = copy base of FAR_DATA
define _low_fardata = base of FAR_DATA
define _len_fardata = length of FAR_DATA
define _low_nearbss = base of NEAR_BSS
define _len_nearbss = length of NEAR_BSS
define _low_farbss = base of FAR_BSS
define _len_farbss = length of FAR_BSS
define _far_heaptop = highaddr of EDATA
define _far_stack = highaddr of EDATA
define _near_stack = highaddr of RDATA
define _far_heapbot = top of EDATA
define _near_heaptop = highaddr of RDATA
define _near_heapbot = top of RDATA

define _zsl_g_clock_xdefine = 18432000

/* Set frequency to 18432000 Hz */
define __user_frequency = 18432000

"C:\Projects\zilog\z8proj\bongpong"=  C:\Programmer\ZiLOG\ZDSII_Z8Encore!_4.9.3\lib\zilog\startupL.obj,  .\zsldevinit.obj,  .\main.obj,  .\ledframebuffer.obj,  .\ledstring.obj,  .\ball.obj,  .\board.obj,  .\game.obj,  .\paddle.obj,  .\sincoslut.obj,  .\vector.obj,  .\timer.obj,  .\button.obj,  .\hyperterm.obj,  .\led.obj,  .\lamemath.obj,  .\cracktro.obj,  C:\Programmer\ZiLOG\ZDSII_Z8Encore!_4.9.3\lib\std\crtrevaaLDD.lib,  C:\Programmer\ZiLOG\ZDSII_Z8Encore!_4.9.3\lib\std\fpdumyL.obj,  C:\Programmer\ZiLOG\ZDSII_Z8Encore!_4.9.3\lib\zilog\zslLYD.lib

WARNING (724) --> Symbol _balls_mov (.\game.obj) is not defined.

SEGMENT OVERLAYS:
=================

Name                                     Base        Top       Length
------------------------------------ ----------- ----------- ----------
Section: __VECTORS                        C:0000      C:000E         fh

SPACE ALLOCATION:
=================

Space              Base        Top         Size
------------------ ----------- ----------- ---------
EDATA                   E:0100      E:07BC      6bdh
RDATA                     R:E0        R:EF       10h
ROM                     C:0000      C:1ED0     1ed1h


SEGMENTS WITHIN SPACE:
======================

EDATA              Type                Base        Top         Size
------------------ ------------------- ----------- ----------- ---------
FAR_BSS            normal data              E:0100      E:0374      275h
FAR_DATA           normal data              E:0375      E:07BC      448h


RDATA              Type                Base        Top         Size
------------------ ------------------- ----------- ----------- ---------
workingreg         absolute data              R:E0        R:EF       10h


ROM                Type                Base        Top         Size
------------------ ------------------- ----------- ----------- ---------
__VECTORS          absolute data            C:0000      C:0037       38h
_sputch_TEXT       normal data              C:1302      C:1330       2fh
_uputch_TEXT       normal data              C:12E9      C:1301       19h
abs_TEXT           normal data              C:1A4B      C:1A88       3eh
amemath_TEXT       normal data              C:0F86      C:0FFB       76h
ball_TEXT          normal data              C:07AB      C:08A5       fbh
board_TEXT         normal data              C:08A6      C:08D1       2ch
button_TEXT        normal data              C:0AF5      C:0B72       7eh
CODE               normal data              C:0038      C:01FF      1c8h
dstring_TEXT       normal data              C:04D6      C:07AA      2d5h
ebuffer_TEXT       normal data              C:038E      C:04D5      148h
FAR_DATA           * segment copy *         C:1A89      C:1ED0      448h
game_TEXT          normal data              C:08D2      C:0925       54h
getfreq_TEXT       normal data              C:1194      C:11AA       17h
led_TEXT           normal data              C:0E4F      C:0F85      137h
main_TEXT          normal data              C:0271      C:038D      11dh
ncoslut_TEXT       normal data              C:0A4A      C:0A88       3fh
nt_send_TEXT       normal data              C:174A      C:191D      1d4h
paddle_TEXT        normal data              C:0926      C:0A49      124h
perterm_TEXT       normal data              C:0B73      C:0E4E      2dch
putch_TEXT         normal data              C:11AB      C:1207       5dh
racktro_TEXT       normal data              C:0FFC      C:10B1       b6h
reverse_TEXT       normal data              C:191E      C:19F2       d5h
sio_TEXT           normal data              C:10B2      C:1193       e2h
startup            normal data              C:0200      C:0270       71h
strlen_TEXT        normal data              C:19F3      C:1A34       42h
t_putch_TEXT       normal data              C:1A35      C:1A4A       16h
teuart0_TEXT       normal data              C:122F      C:12E8       bah
timer_TEXT         normal data              C:0A89      C:0AF4       6ch
ultoa_TEXT         normal data              C:1331      C:1749      419h
ustoa_TEXT         normal data              C:1208      C:122E       27h

SEGMENTS WITHIN MODULES:
========================

Module: ..\..\src\boot\common\startupl.asm (File: startupL.obj) Version: 1:0 02/23/2005 13:22:37

    Name                                        Base        Top      Size
    --------------------------------------- ----------- ----------- ---------
    Segment: __VECTORS                           C:0000      C:0037       38h
    Segment: FAR_BSS                             E:0100      E:0101        2h
    Segment: FAR_DATA                            E:0375      E:0375        1h
    Segment: startup                             C:0200      C:0270       71h
    Segment: workingreg                            R:E0        R:EF       10h


Module: ..\UART\COMMON\PUTCH.C (Library: zslLYD.lib) Version: 1:0 02/23/2005 13:32:42

    Name                                        Base        Top      Size
    --------------------------------------- ----------- ----------- ---------
    Segment: putch_TEXT                          C:11AB      C:1207       5dh


Module: ..\UART\COMMON\WRITEUART0.C (Library: zslLYD.lib) Version: 1:0 02/23/2005 13:32:38

    Name                                        Base        Top      Size
    --------------------------------------- ----------- ----------- ---------
    Segment: FAR_DATA                            E:07AB      E:07AB        1h
    Segment: teuart0_TEXT                        C:122F      C:12E8       bah


Module: .\MAIN.C (File: main.obj) Version: 1:0 06/17/2008 21:26:30

    Name                                        Base        Top      Size
    --------------------------------------- ----------- ----------- ---------
    Segment: FAR_DATA                            E:07AE      E:07B7        ah
    Segment: main_TEXT                           C:0271      C:038D      11dh


Module: API\LEDFRAMEBUFFER.C (File: ledframebuffer.obj) Version: 1:0 06/16/2008 17:14:45

    Name                                        Base        Top      Size
    --------------------------------------- ----------- ----------- ---------
    Segment: ebuffer_TEXT                        C:038E      C:04D5      148h
    Segment: FAR_BSS                             E:0102      E:0115       14h


Module: API\LEDSTRING.C (File: ledstring.obj) Version: 1:0 06/17/2008 21:26:30

    Name                                        Base        Top      Size
    --------------------------------------- ----------- ----------- ---------
    Segment: dstring_TEXT                        C:04D6      C:07AA      2d5h
    Segment: FAR_DATA                            E:037B      E:0555      1dbh


Module: COMMON\ABS.C (Library: crtrevaaLDD.lib) Version: 1:0 02/23/2005 13:27:08

    Name                                        Base        Top      Size
    --------------------------------------- ----------- ----------- ---------
    Segment: abs_TEXT                            C:1A4B      C:1A88       3eh


Module: common\fpdumyl.asm (File: fpdumyL.obj) Version: 1:0 02/23/2005 13:22:38

    Name                                        Base        Top      Size
    --------------------------------------- ----------- ----------- ---------
    Segment: CODE                                C:003A      C:003A        1h
    Segment: FAR_BSS                             E:0356      E:0359        4h


Module: common\frame.asm (Library: crtrevaaLDD.lib) Version: 1:0 02/23/2005 13:27:20

    Name                                        Base        Top      Size
    --------------------------------------- ----------- ----------- ---------
    Segment: CODE                                C:003B      C:00A1       67h


Module: COMMON\PRINT_GLOBALS.C (Library: crtrevaaLDD.lib) Version: 1:0 02/23/2005 13:27:11

    Name                                        Base        Top      Size
    --------------------------------------- ----------- ----------- ---------
    Segment: FAR_BSS                             E:035A      E:0374       1bh
    Segment: FAR_DATA                            E:07AC      E:07AD        2h


Module: COMMON\PRINT_PUTCH.C (Library: crtrevaaLDD.lib) Version: 1:0 02/23/2005 13:27:11

    Name                                        Base        Top      Size
    --------------------------------------- ----------- ----------- ---------
    Segment: t_putch_TEXT                        C:1A35      C:1A4A       16h


Module: COMMON\PRINT_SEND.C (Library: crtrevaaLDD.lib) Version: 1:0 02/23/2005 13:27:12

    Name                                        Base        Top      Size
    --------------------------------------- ----------- ----------- ---------
    Segment: nt_send_TEXT                        C:174A      C:191D      1d4h


Module: COMMON\PRINT_SPUTCH.C (Library: crtrevaaLDD.lib) Version: 1:0 02/23/2005 13:27:11

    Name                                        Base        Top      Size
    --------------------------------------- ----------- ----------- ---------
    Segment: _sputch_TEXT                        C:1302      C:1330       2fh


Module: COMMON\PRINT_UPUTCH.C (Library: crtrevaaLDD.lib) Version: 1:0 02/23/2005 13:27:11

    Name                                        Base        Top      Size
    --------------------------------------- ----------- ----------- ---------
    Segment: _uputch_TEXT                        C:12E9      C:1301       19h


Module: COMMON\SIO.C (Library: crtrevaaLDD.lib) Version: 1:0 02/23/2005 13:27:13

    Name                                        Base        Top      Size
    --------------------------------------- ----------- ----------- ---------
    Segment: FAR_DATA                            E:07AA      E:07AA        1h
    Segment: sio_TEXT                            C:10B2      C:1193       e2h


Module: COMMON\STRLEN.C (Library: crtrevaaLDD.lib) Version: 1:0 02/23/2005 13:27:14

    Name                                        Base        Top      Size
    --------------------------------------- ----------- ----------- ---------
    Segment: strlen_TEXT                         C:19F3      C:1A34       42h


Module: common\ucase.asm (Library: crtrevaaLDD.lib) Version: 1:0 02/23/2005 13:27:19

    Name                                        Base        Top      Size
    --------------------------------------- ----------- ----------- ---------
    Segment: CODE                                C:01C2      C:01FF       3eh


Module: common\uldiv.asm (Library: crtrevaaLDD.lib) Version: 1:0 02/23/2005 13:27:19

    Name                                        Base        Top      Size
    --------------------------------------- ----------- ----------- ---------
    Segment: CODE                                C:016D      C:01C1       55h


Module: common\ulmul.asm (Library: crtrevaaLDD.lib) Version: 1:0 02/23/2005 13:27:19

    Name                                        Base        Top      Size
    --------------------------------------- ----------- ----------- ---------
    Segment: CODE                                C:00A2      C:0139       98h


Module: COMMON\ULTOA.C (Library: crtrevaaLDD.lib) Version: 1:0 02/23/2005 13:27:16

    Name                                        Base        Top      Size
    --------------------------------------- ----------- ----------- ---------
    Segment: ultoa_TEXT                          C:1331      C:1749      419h


Module: COMMON\UREVERSE.C (Library: crtrevaaLDD.lib) Version: 1:0 02/23/2005 13:27:17

    Name                                        Base        Top      Size
    --------------------------------------- ----------- ----------- ---------
    Segment: reverse_TEXT                        C:191E      C:19F2       d5h


Module: COMMON\USTOA.C (Library: crtrevaaLDD.lib) Version: 1:0 02/23/2005 13:27:18

    Name                                        Base        Top      Size
    --------------------------------------- ----------- ----------- ---------
    Segment: ustoa_TEXT                          C:1208      C:122E       27h


Module: common\uwmul.asm (Library: crtrevaaLDD.lib) Version: 1:0 02/23/2005 13:27:19

    Name                                        Base        Top      Size
    --------------------------------------- ----------- ----------- ---------
    Segment: CODE                                C:013A      C:016C       33h


Module: CRACKTRO\CRACKTRO.C (File: cracktro.obj) Version: 1:0 06/17/2008 21:26:30

    Name                                        Base        Top      Size
    --------------------------------------- ----------- ----------- ---------
    Segment: FAR_DATA                            E:0758      E:07A9       52h
    Segment: racktro_TEXT                        C:0FFC      C:10B1       b6h


Module: GAME\BALL.C (File: ball.obj) Version: 1:0 06/17/2008 21:36:10

    Name                                        Base        Top      Size
    --------------------------------------- ----------- ----------- ---------
    Segment: ball_TEXT                           C:07AB      C:08A5       fbh
    Segment: FAR_BSS                             E:0116      E:015D       48h


Module: GAME\BOARD.C (File: board.obj) Version: 1:0 06/16/2008 15:59:28

    Name                                        Base        Top      Size
    --------------------------------------- ----------- ----------- ---------
    Segment: board_TEXT                          C:08A6      C:08D1       2ch
    Segment: FAR_BSS                             E:015E      E:0351      1f4h


Module: GAME\GAME.C (File: game.obj) Version: 1:0 06/17/2008 21:26:30

    Name                                        Base        Top      Size
    --------------------------------------- ----------- ----------- ---------
    Segment: FAR_DATA                            E:0556      E:0556        1h
    Segment: game_TEXT                           C:08D2      C:0925       54h


Module: GAME\PADDLE.C (File: paddle.obj) Version: 1:0 06/17/2008 20:00:19

    Name                                        Base        Top      Size
    --------------------------------------- ----------- ----------- ---------
    Segment: FAR_BSS                             E:0352      E:0355        4h
    Segment: paddle_TEXT                         C:0926      C:0A49      124h


Module: get_freq.asm (Library: crtrevaaLDD.lib) Version: 1:0 02/23/2005 13:27:19

    Name                                        Base        Top      Size
    --------------------------------------- ----------- ----------- ---------
    Segment: getfreq_TEXT                        C:1194      C:11AA       17h


Module: HLI\BUTTON.C (File: button.obj) Version: 1:0 06/17/2008 20:00:34

    Name                                        Base        Top      Size
    --------------------------------------- ----------- ----------- ---------
    Segment: button_TEXT                         C:0AF5      C:0B72       7eh


Module: HLI\HYPERTERM.C (File: hyperterm.obj) Version: 1:0 06/16/2008 15:59:31

    Name                                        Base        Top      Size
    --------------------------------------- ----------- ----------- ---------
    Segment: FAR_DATA                            E:07B8      E:07BC        5h
    Segment: perterm_TEXT                        C:0B73      C:0E4E      2dch


Module: HLI\LED.C (File: led.obj) Version: 1:0 06/16/2008 15:59:31

    Name                                        Base        Top      Size
    --------------------------------------- ----------- ----------- ---------
    Segment: led_TEXT                            C:0E4F      C:0F85      137h


Module: HLI\TIMER.C (File: timer.obj) Version: 1:0 06/16/2008 15:59:29

    Name                                        Base        Top      Size
    --------------------------------------- ----------- ----------- ---------
    Segment: __VECTORS                           C:0000      C:000D        eh
    Segment: FAR_DATA                            E:0757      E:0757        1h
    Segment: timer_TEXT                          C:0A89      C:0AF4       6ch


Module: MATH\LAMEMATH.C (File: lamemath.obj) Version: 1:0 06/16/2008 15:59:31

    Name                                        Base        Top      Size
    --------------------------------------- ----------- ----------- ---------
    Segment: amemath_TEXT                        C:0F86      C:0FFB       76h


Module: MATH\SINCOSLUT.C (File: sincoslut.obj) Version: 1:0 06/17/2008 21:26:30

    Name                                        Base        Top      Size
    --------------------------------------- ----------- ----------- ---------
    Segment: FAR_DATA                            E:0557      E:0756      200h
    Segment: ncoslut_TEXT                        C:0A4A      C:0A88       3fh


Module: U:\z8proj\zsldevinit.asm (File: zsldevinit.obj) Version: 1:0 06/16/2008 15:59:25

    Name                                        Base        Top      Size
    --------------------------------------- ----------- ----------- ---------
    Segment: CODE                                C:0038      C:0039        2h
    Segment: FAR_DATA                            E:0376      E:037A        5h

EXTERNAL DEFINITIONS:
=====================

Symbol                             Address   Module          Segment
-------------------------------- ----------- --------------- --------------------------------
_0__far_atof                          E:0356 fpdumyl         FAR_BSS                         
_0__far_frexp                         E:0356 fpdumyl         FAR_BSS                         
_0__far_modf                          E:0356 fpdumyl         FAR_BSS                         
_0__far_strtod                        E:0356 fpdumyl         FAR_BSS                         
_0__near_atof                         E:0356 fpdumyl         FAR_BSS                         
_0__near_frexp                        E:0356 fpdumyl         FAR_BSS                         
_0__near_modf                         E:0356 fpdumyl         FAR_BSS                         
_0__near_strtod                       E:0356 fpdumyl         FAR_BSS                         
_0__u_dtoe                            E:0356 fpdumyl         FAR_BSS                         
_0__u_dtof                            E:0356 fpdumyl         FAR_BSS                         
_0__u_dtog                            E:0356 fpdumyl         FAR_BSS                         
_0__u_flt_info                        E:0356 fpdumyl         FAR_BSS                         
_0__u_flt_rnd                         E:0356 fpdumyl         FAR_BSS                         
_0_acos                               E:0356 fpdumyl         FAR_BSS                         
_0_asin                               E:0356 fpdumyl         FAR_BSS                         
_0_atan                               E:0356 fpdumyl         FAR_BSS                         
_0_atan2                              E:0356 fpdumyl         FAR_BSS                         
_0_ceil                               E:0356 fpdumyl         FAR_BSS                         
_0_cosh                               E:0356 fpdumyl         FAR_BSS                         
_0_exp                                E:0356 fpdumyl         FAR_BSS                         
_0_fabs                               E:0356 fpdumyl         FAR_BSS                         
_0_floor                              E:0356 fpdumyl         FAR_BSS                         
_0_fmod                               E:0356 fpdumyl         FAR_BSS                         
_0_ldexp                              E:0356 fpdumyl         FAR_BSS                         
_0_log                                E:0356 fpdumyl         FAR_BSS                         
_0_log10                              E:0356 fpdumyl         FAR_BSS                         
_0_pow                                E:0356 fpdumyl         FAR_BSS                         
_0_sinh                               E:0356 fpdumyl         FAR_BSS                         
_0_sqrt                               E:0356 fpdumyl         FAR_BSS                         
_0_tan                                E:0356 fpdumyl         FAR_BSS                         
_0_tanh                               E:0356 fpdumyl         FAR_BSS                         
_1__far_frexp                         E:0356 fpdumyl         FAR_BSS                         
_1__far_modf                          E:0356 fpdumyl         FAR_BSS                         
_1__far_strtod                        E:0356 fpdumyl         FAR_BSS                         
_1__near_frexp                        E:0356 fpdumyl         FAR_BSS                         
_1__near_modf                         E:0356 fpdumyl         FAR_BSS                         
_1__near_strtod                       E:0356 fpdumyl         FAR_BSS                         
_1__u_dtoe                            E:0356 fpdumyl         FAR_BSS                         
_1__u_dtof                            E:0356 fpdumyl         FAR_BSS                         
_1__u_dtog                            E:0356 fpdumyl         FAR_BSS                         
_1__u_flt_info                        E:0356 fpdumyl         FAR_BSS                         
_1__u_flt_rnd                         E:0356 fpdumyl         FAR_BSS                         
_1_atan2                              E:0356 fpdumyl         FAR_BSS                         
_1_fmod                               E:0356 fpdumyl         FAR_BSS                         
_1_ldexp                              E:0356 fpdumyl         FAR_BSS                         
_1_pow                                E:0356 fpdumyl         FAR_BSS                         
_1_strtod                             E:0356 fpdumyl         FAR_BSS                         
_2__u_dtoe                            E:0356 fpdumyl         FAR_BSS                         
_2__u_dtof                            E:0356 fpdumyl         FAR_BSS                         
_2__u_dtog                            E:0356 fpdumyl         FAR_BSS                         
_2__u_flt_info                        E:0356 fpdumyl         FAR_BSS                         
___print_buff                         E:035A PRINT_GLOBALS   FAR_BSS                         
___print_fmt                          E:0366 PRINT_GLOBALS   FAR_BSS                         
___print_leading_char                 E:0372 PRINT_GLOBALS   FAR_BSS                         
___print_len                          E:0371 PRINT_GLOBALS   FAR_BSS                         
___print_out                          E:0373 PRINT_GLOBALS   FAR_BSS                         
___print_putch                        C:1A35 PRINT_PUTCH     t_putch_TEXT                    
___print_send                         C:174A PRINT_SEND      nt_send_TEXT                    
___print_sputch                       C:1302 PRINT_SPUTCH    _sputch_TEXT                    
___print_uputch                       C:12E9 PRINT_UPUTCH    _uputch_TEXT                    
___print_xputch                       E:07AC PRINT_GLOBALS   FAR_DATA                        
__close_periphdevice                  C:0039 zsldevinit      CODE                            
__far_atof                            C:003A fpdumyl         CODE                            
__far_frexp                           C:003A fpdumyl         CODE                            
__far_modf                            C:003A fpdumyl         CODE                            
__far_strlen                          C:19F3 STRLEN          strlen_TEXT                     
__far_strtod                          C:003A fpdumyl         CODE                            
__fpadd                               C:003A fpdumyl         CODE                            
__fpcmp                               C:003A fpdumyl         CODE                            
__fpdiv                               C:003A fpdumyl         CODE                            
__fpftol                              C:003A fpdumyl         CODE                            
__fpltof                              C:003A fpdumyl         CODE                            
__fpmul                               C:003A fpdumyl         CODE                            
__fpneg                               C:003A fpdumyl         CODE                            
__fppack                              C:003A fpdumyl         CODE                            
__fpsub                               C:003A fpdumyl         CODE                            
__fpultof                             C:003A fpdumyl         CODE                            
__fpupop1                             C:003A fpdumyl         CODE                            
__fpupop2                             C:003A fpdumyl         CODE                            
__framereset                          C:0066 frame           CODE                            
__frameset                            C:0047 frame           CODE                            
__frameset0                           C:0045 frame           CODE                            
__frameset00                          C:0043 frame           CODE                            
__iframereset                         C:007D frame           CODE                            
__iframeset00                         C:003B frame           CODE                            
__intrp                               E:0375 startupl        FAR_DATA                        
__near_atof                           C:003A fpdumyl         CODE                            
__near_frexp                          C:003A fpdumyl         CODE                            
__near_modf                           C:003A fpdumyl         CODE                            
__near_strtod                         C:003A fpdumyl         CODE                            
__open_periphdevice                   C:0038 zsldevinit      CODE                            
__slmul                               C:00A2 ulmul           CODE                            
__swmul                               C:013A uwmul           CODE                            
__u_dtoe                              C:003A fpdumyl         CODE                            
__u_dtof                              C:003A fpdumyl         CODE                            
__u_dtog                              C:003A fpdumyl         CODE                            
__u_flt_info                          C:003A fpdumyl         CODE                            
__u_flt_rnd                           C:003A fpdumyl         CODE                            
__u_ltoa                              C:1331 ULTOA           ultoa_TEXT                      
__u_reverse                           C:191E UREVERSE        reverse_TEXT                    
__u_stoa                              C:1208 USTOA           ustoa_TEXT                      
__ucase                               C:01C2 ucase           CODE                            
__uldiv                               C:016D uldiv           CODE                            
__ulmul                               C:00A2 ulmul           CODE                            
__user_frequency                    01194000 (User Defined)
__uwmul                               C:013A uwmul           CODE                            
_abs                                  C:1A4B ABS             abs_TEXT                        
_acos                                 C:003A fpdumyl         CODE                            
_asin                                 C:003A fpdumyl         CODE                            
_atan                                 C:003A fpdumyl         CODE                            
_atan2                                C:003A fpdumyl         CODE                            
_ball_spawnnew                        C:07EB BALL            ball_TEXT                       
_ball_spawnnew_random_upwards         C:0859 BALL            ball_TEXT                       
_balls                                E:0116 BALL            FAR_BSS                         
_board                                E:015E BOARD           FAR_BSS                         
_board_build_walls                    C:08CB BOARD           board_TEXT                      
_board_clear                          C:08A6 BOARD           board_TEXT                      
_c_startup                            C:0200 startupl        startup                         
_ceil                                 C:003A fpdumyl         CODE                            
_character_data                       E:037B LEDSTRING       FAR_DATA                        
_close_periphdevice                   C:0039 zsldevinit      CODE                            
_cosh                                 C:003A fpdumyl         CODE                            
_cracktro                             C:10A3 CRACKTRO        racktro_TEXT                    
_cracktro_drawrainbow                 C:1003 CRACKTRO        racktro_TEXT                    
_cracktro_init                        C:0FFC CRACKTRO        racktro_TEXT                    
_cracktro_mainloop                    C:108A CRACKTRO        racktro_TEXT                    
_errno                                E:0100 startupl        FAR_BSS                         
_exit                                 C:026F startupl        startup                         
_exp                                  C:003A fpdumyl         CODE                            
_fabs                                 C:003A fpdumyl         CODE                            
_far_heapbot                        000007BC (User Defined)
_far_heaptop                        00000EFF (User Defined)
_far_stack                          00000EFF (User Defined)
_floor                                C:003A fpdumyl         CODE                            
_fmod                                 C:003A fpdumyl         CODE                            
_g_clock0                             E:0377 zsldevinit      FAR_DATA                        
_g_clock1                             E:0377 zsldevinit      FAR_DATA                        
_g_simulate                           E:0376 zsldevinit      FAR_DATA                        
_g_Txflag0                            E:07AB WRITEUART0      FAR_DATA                        
_game_init                            C:08D2 GAME            game_TEXT                       
_game_mainloop                        C:08DC GAME            game_TEXT                       
_get_freq                             C:1198 get_freq        getfreq_TEXT                    
_get_inactive_ball                    C:07AB BALL            ball_TEXT                       
_init_uart                            C:10E0 SIO             sio_TEXT                        
_ldexp                                C:003A fpdumyl         CODE                            
_ledfb                                E:0102 LEDFRAMEBUFFER  FAR_BSS                         
_len_farbss                         00000275 (User Defined)
_len_fardata                        00000448 (User Defined)
_len_nearbss                        00000000 (User Defined)
_len_neardata                       00000000 (User Defined)
_log                                  C:003A fpdumyl         CODE                            
_log10                                C:003A fpdumyl         CODE                            
_low_far_romdata                    00001A89 (User Defined)
_low_farbss                         00000100 (User Defined)
_low_fardata                        00000375 (User Defined)
_low_near_romdata                   00000000 (User Defined)
_low_nearbss                        00000000 (User Defined)
_low_neardata                       00000000 (User Defined)
_main                                 C:0271 MAIN            main_TEXT                       
_near_heapbot                       000000EF (User Defined)
_near_heaptop                       000000FF (User Defined)
_near_stack                         000000FF (User Defined)
_open_periphdevice                    C:0038 zsldevinit      CODE                            
_paddl_decreasewidth                  C:0955 PADDLE          paddle_TEXT                     
_paddle                               E:0352 PADDLE          FAR_BSS                         
_paddle_draw                          C:09F8 PADDLE          paddle_TEXT                     
_paddle_getx                          C:0926 PADDLE          paddle_TEXT                     
_paddle_increasewidth                 C:0933 PADDLE          paddle_TEXT                     
_paddle_movehorizontally              C:098E PADDLE          paddle_TEXT                     
_paddle_reset                         C:0977 PADDLE          paddle_TEXT                     
_pow                                  C:003A fpdumyl         CODE                            
_putch                                C:11AB PUTCH           putch_TEXT                      
_rainbow                              E:0758 CRACKTRO        FAR_DATA                        
_rainbowpos                           E:07A8 CRACKTRO        FAR_DATA                        
_select_port                          C:10B2 SIO             sio_TEXT                        
_sinh                                 C:003A fpdumyl         CODE                            
_sinlut                               E:0557 SINCOSLUT       FAR_DATA                        
_sqrt                                 C:003A fpdumyl         CODE                            
_tan                                  C:003A fpdumyl         CODE                            
_tanh                                 C:003A fpdumyl         CODE                            
_timer_status                         E:0757 TIMER           FAR_DATA                        
_write_UART0                          C:122F WRITEUART0      teuart0_TEXT                    
_z_button_left                        C:0B62 BUTTON          button_TEXT                     
_z_button_middle                      C:0B53 BUTTON          button_TEXT                     
_z_button_right                       C:0B46 BUTTON          button_TEXT                     
_z_buttons_init                       C:0AF5 BUTTON          button_TEXT                     
_z_buttons_read                       C:0B14 BUTTON          button_TEXT                     
_z_cos                                C:0A68 SINCOSLUT       ncoslut_TEXT                    
_z_hyperterm_blinkfast                C:0D7B HYPERTERM       perterm_TEXT                    
_z_hyperterm_blinkslow                C:0D50 HYPERTERM       perterm_TEXT                    
_z_hyperterm_bold                     C:0DA6 HYPERTERM       perterm_TEXT                    
_z_hyperterm_clear                    C:0C67 HYPERTERM       perterm_TEXT                    
_z_hyperterm_formatreset              C:0C92 HYPERTERM       perterm_TEXT                    
_z_hyperterm_goto                     C:0BFC HYPERTERM       perterm_TEXT                    
_z_hyperterm_hidecurser               C:0E27 HYPERTERM       perterm_TEXT                    
_z_hyperterm_init                     C:0BBA HYPERTERM       perterm_TEXT                    
_z_hyperterm_italic                   C:0DD1 HYPERTERM       perterm_TEXT                    
_z_hyperterm_put                      C:0B73 HYPERTERM       perterm_TEXT                    
_z_hyperterm_putstring                C:0B84 HYPERTERM       perterm_TEXT                    
_z_hyperterm_setbgcolor               C:0D18 HYPERTERM       perterm_TEXT                    
_z_hyperterm_setfgcolor               C:0CBD HYPERTERM       perterm_TEXT                    
_z_hyperterm_underline                C:0DFC HYPERTERM       perterm_TEXT                    
_z_lame_div                           C:0FBE LAMEMATH        amemath_TEXT                    
_z_lame_mod                           C:0F86 LAMEMATH        amemath_TEXT                    
_z_ledfb_clear_block                  C:0495 LEDFRAMEBUFFER  ebuffer_TEXT                    
_z_ledfb_clear_dot                    C:045D LEDFRAMEBUFFER  ebuffer_TEXT                    
_z_ledfb_put_dot                      C:0427 LEDFRAMEBUFFER  ebuffer_TEXT                    
_z_ledfb_set_column                   C:038E LEDFRAMEBUFFER  ebuffer_TEXT                    
_z_ledfb_write                        C:03A9 LEDFRAMEBUFFER  ebuffer_TEXT                    
_z_leds_clear_all                     C:0F6F LED             led_TEXT                        
_z_leds_clear_block                   C:0F27 LED             led_TEXT                        
_z_leds_init                          C:0E4F LED             led_TEXT                        
_z_leds_set_column                    C:0E84 LED             led_TEXT                        
_z_ledstring_putchar                  C:04D6 LEDSTRING       dstring_TEXT                    
_z_ledstring_putscrollingstring       C:05EA LEDSTRING       dstring_TEXT                    
_z_ledstring_putstring                C:0567 LEDSTRING       dstring_TEXT                    
_z_sin                                C:0A4A SINCOSLUT       ncoslut_TEXT                    
_z_timer_interrupt                    C:0AB0 TIMER           timer_TEXT                      
_z_timer_isbusy                       C:0A96 TIMER           timer_TEXT                      
_z_timer_makebusy                     C:0AA0 TIMER           timer_TEXT                      
_z_timer_setstatus                    C:0A89 TIMER           timer_TEXT                      
_z_timer_start                        C:0AC3 TIMER           timer_TEXT                      
_z_timer_stop                         C:0AEE TIMER           timer_TEXT                      
_zsl_g_clock_xdefine                01194000 (User Defined)

224 external symbol(s).

UNDEFINED SYMBOL CROSS REFERENCE:
=================================
Name                              Use         Module
--------------------------------- ----------- -------------------------
_balls_mov                        UNDEFINED
                                  Referenced  GAME\GAME.C


START ADDRESS:
==============
(C:0200) set in module ..\..\src\boot\common\startupl.asm.

CALL GRAPH
==========
Depth Address    CF Function                       Calls Function
----- ---------- -- ------------------------------ --------------------------------
    1 R:20        0 _get_freq                      ->
    2 E:0100      0 _f__far_modf                   ->
    3 R:20        0 _n__floor                      ->
    4 R:20        0 _n___u_flt_rnd                 ->
    5 R:20        0 _n__far_modf                   ->
    6 R:20        0 _n__sqrt                       ->
    7 R:20        0 _n__near_modf                  ->
    8 E:0100      0 _f__atan                       ->
    9 E:0100      0 _f__pow                        ->
   10 R:20        0 _n__near_strtod                ->
   11 E:0100      0 _f__atan2                      ->
   12 R:20        0 _n__far_strtod                 ->
   13 E:0100      0 _f__far_strtod                 ->
   14 R:20        0 _n__atan                       ->
   15 E:0100      0 _f__log10                      ->
   16 E:0100      0 _f__log                        ->
   17 E:0100      0 _f__floor                      ->
   18 R:20        0 _n__exp                        ->
   19 E:0100      0 _f__fmod                       ->
   20 E:0100      0 _f__near_modf                  ->
   21 R:20        0 _n__tan                        ->
   22 E:0100      0 _f___u_flt_info                ->
   23 R:20        0 _n__atan2                      ->
   24 R:20        0 _n__near_atof                  ->
   25 E:0100      0 _f__far_atof                   ->
   26 R:20        0 _n__far_atof                   ->
   27 E:0100      0 _f__acos                       ->
   28 E:0100      0 _f__cosh                       ->
   29 R:20        0 _n___u_dtog                    ->
   30 R:20        0 _n___u_dtof                    ->
   31 R:20        0 _n___u_dtoe                    ->
   32 R:20        0 _n__cosh                       ->
   33 R:20        0 _n__sinh                       ->
   34 R:20        0 _n__acos                       ->
   35 E:0100      0 _f__far_frexp                  ->
   36 E:0100      0 _f__tan                        ->
   37 R:20        0 _n__ldexp                      ->
   38 E:0100      0 _f__tanh                       ->
   39 R:20        0 _n___u_flt_info                ->
   40 E:0100      0 _f__sinh                       ->
   41 E:0100      0 _f__near_frexp                 ->
   42 E:0100      0 _f__near_atof                  ->
   43 E:0100      0 _f___u__dtog                   ->
   44 E:0100      0 _f___u__dtof                   ->
   45 E:0100      0 _f___u__dtoe                   ->
   46 R:20        0 _n__tanh                       ->
   47 R:20        0 _n__near_frexp                 ->
   48 R:20        0 _n__far_frexp                  ->
   49 E:0100      0 _f__ldexp                      ->
   50 E:0100      0 _f__asin                       ->
   51 R:20        0 _n__fabs                       ->
   52 E:0100      0 _f__ceil                       ->
   53 R:20        0 _n__pow                        ->
   54 E:0100      0 _f__near_strtod                ->
   55 E:0100      0 _f__fabs                       ->
   56 R:20        0 _n__ceil                       ->
   57 R:20        0 _n__fmod                       ->
   58 R:20        0 _n__log10                      ->
   59 R:20        0 _n__asin                       ->
   60 E:0100      0 _f__sqrt                       ->
   61 E:0100      0 _f___u_flt_rnd                 ->
   62 R:20        0 _n__log                        ->
   63 E:0100      0 _f__exp                        ->


END OF LINK MAP:
================
0 Errors
1 Warnings
